// Jest Snapshot v1, https://goo.gl/fbAQLP

exports[`can change date 1`] = `Object {}`;
